Drill report for Metal-Air_BMS.kicad_pcb
Created on 2026-06-11T23:26:52+0530

Copper Layer Stackup:
    =============================================================
    L1 :  F.Cu                      front
    L2 :  B.Cu                      back


Drill file 'Metal-Air_BMS-PTH.drl' contains
    plated through holes:
    =============================================================
    T1  0.350mm  0.0138"  (55 holes)
    T2  0.400mm  0.0157"  (32 holes)
    T3  0.500mm  0.0197"  (4 holes)  (with 4 slots)
    T4  0.800mm  0.0315"  (3 holes)
    T5  0.900mm  0.0354"  (2 holes)
    T6  0.950mm  0.0374"  (3 holes)
    T7  1.000mm  0.0394"  (4 holes)
    T8  1.000mm  0.0394"  (5 holes)
    T9  1.100mm  0.0433"  (3 holes)
    T10  1.200mm  0.0472"  (10 holes)
    T11  1.300mm  0.0512"  (4 holes)
    T12  2.200mm  0.0866"  (4 holes)

    Total plated holes count 129


Drill file 'Metal-Air_BMS-NPTH.drl' contains
    unplated through holes:
    =============================================================

    Total unplated holes count 0
